[    0.000000] Initializing cgroup subsys cpuset
[    0.000000] Initializing cgroup subsys cpu
[    0.000000] Initializing cgroup subsys cpuacct
[    0.000000] Linux version 4.4.0-59-generic (buildd@lgw01-37) (gcc version 5.4.0 20160609 (Ubuntu 5.4.0-6ubuntu1~16.04.4) ) #80-Ubuntu SMP Fri Jan 6 17:36:54 UTC 2017 (Ubuntu 4.4.0-59.80-generic 4.4.35)
[    0.000000] KERNEL supported cpus:
[    0.000000]   Intel GenuineIntel
[    0.000000]   AMD AuthenticAMD
[    0.000000]   NSC Geode by NSC
[    0.000000]   Cyrix CyrixInstead
[    0.000000]   Centaur CentaurHauls
[    0.000000]   Transmeta GenuineTMx86
[    0.000000]   Transmeta TransmetaCPU
[    0.000000]   UMC UMC UMC UMC
[    0.000000] x86/fpu: xstate_offset[2]:  576, xstate_sizes[2]:  256
[    0.000000] x86/fpu: Supporting XSAVE feature 0x01: 'x87 floating point registers'
[    0.000000] x86/fpu: Supporting XSAVE feature 0x02: 'SSE registers'
[    0.000000] x86/fpu: Supporting XSAVE feature 0x04: 'AVX registers'
[    0.000000] x86/fpu: Enabled xstate features 0x7, context size is 832 bytes, using 'standard' format.
[    0.000000] x86/fpu: Using 'lazy' FPU context switches.
[    0.000000] e820: BIOS-provided physical RAM map:
[    0.000000] BIOS-e820: [mem 0x0000000000000000-0x000000000009fbff] usable
[    0.000000] BIOS-e820: [mem 0x000000000009fc00-0x000000000009ffff] reserved
[    0.000000] BIOS-e820: [mem 0x00000000000f0000-0x00000000000fffff] reserved
[    0.000000] BIOS-e820: [mem 0x0000000000100000-0x000000003ffeffff] usable
[    0.000000] BIOS-e820: [mem 0x000000003fff0000-0x000000003fffffff] ACPI data
[    0.000000] BIOS-e820: [mem 0x00000000fec00000-0x00000000fec00fff] reserved
[    0.000000] BIOS-e820: [mem 0x00000000fee00000-0x00000000fee00fff] reserved
[    0.000000] BIOS-e820: [mem 0x00000000fffc0000-0x00000000ffffffff] reserved
[    0.000000] NX (Execute Disable) protection: active
[    0.000000] SMBIOS 2.5 present.
[    0.000000] Hypervisor detected: KVM
[    0.000000] e820: last_pfn = 0x3fff0 max_arch_pfn = 0x1000000
[    0.000000] MTRR: Disabled
[    0.000000] x86/PAT: MTRRs disabled, skipping PAT initialization too.
[    0.000000] x86/PAT: Configuration [0-7]: WB  WT  UC- UC  WB  WT  UC- UC  
[    0.000000] CPU MTRRs all blank - virtualized system.
[    0.000000] found SMP MP-table at [mem 0x0009fff0-0x0009ffff] mapped at [c009fff0]
[    0.000000] Scanning 1 areas for low memory corruption
[    0.000000] RAMDISK: [mem 0x36b6a000-0x375acfff]
[    0.000000] ACPI: Early table checksum verification disabled
[    0.000000] ACPI: RSDP 0x00000000000E0000 000024 (v02 VBOX  )
[    0.000000] ACPI: XSDT 0x000000003FFF0030 00003C (v01 VBOX   VBOXXSDT 00000001 ASL  00000061)
[    0.000000] ACPI: FACP 0x000000003FFF00F0 0000F4 (v04 VBOX   VBOXFACP 00000001 ASL  00000061)
[    0.000000] ACPI: DSDT 0x000000003FFF0470 00210F (v01 VBOX   VBOXBIOS 00000002 INTL 20100528)
[    0.000000] ACPI: FACS 0x000000003FFF0200 000040
[    0.000000] ACPI: FACS 0x000000003FFF0200 000040
[    0.000000] ACPI: APIC 0x000000003FFF0240 00005C (v02 VBOX   VBOXAPIC 00000001 ASL  00000061)
[    0.000000] ACPI: SSDT 0x000000003FFF02A0 0001CC (v01 VBOX   VBOXCPUT 00000002 INTL 20100528)
[    0.000000] 131MB HIGHMEM available.
[    0.000000] 891MB LOWMEM available.
[    0.000000]   mapped low ram: 0 - 37bfe000
[    0.000000]   low ram: 0 - 37bfe000
[    0.000000] kvm-clock: Using msrs 4b564d01 and 4b564d00
[    0.000000] kvm-clock: cpu 0, msr 0:37bfd001, primary cpu clock
[    0.000000] kvm-clock: using sched offset of 5057522808 cycles
[    0.000000] clocksource: kvm-clock: mask: 0xffffffffffffffff max_cycles: 0x1cd42e4dffb, max_idle_ns: 881590591483 ns
[    0.000000] Zone ranges:
[    0.000000]   DMA      [mem 0x0000000000001000-0x0000000000ffffff]
[    0.000000]   Normal   [mem 0x0000000001000000-0x0000000037bfdfff]
[    0.000000]   HighMem  [mem 0x0000000037bfe000-0x000000003ffeffff]
[    0.000000] Movable zone start for each node
[    0.000000] Early memory node ranges
[    0.000000]   node   0: [mem 0x0000000000001000-0x000000000009efff]
[    0.000000]   node   0: [mem 0x0000000000100000-0x000000003ffeffff]
[    0.000000] Initmem setup node 0 [mem 0x0000000000001000-0x000000003ffeffff]
[    0.000000] Using APIC driver default
[    0.000000] ACPI: PM-Timer IO Port: 0x4008
[    0.000000] IOAPIC[0]: apic_id 2, version 32, address 0xfec00000, GSI 0-23
[    0.000000] ACPI: INT_SRC_OVR (bus 0 bus_irq 0 global_irq 2 dfl dfl)
[    0.000000] ACPI: INT_SRC_OVR (bus 0 bus_irq 9 global_irq 9 high level)
[    0.000000] Using ACPI (MADT) for SMP configuration information
[    0.000000] smpboot: Allowing 2 CPUs, 0 hotplug CPUs
[    0.000000] PM: Registered nosave memory: [mem 0x00000000-0x00000fff]
[    0.000000] PM: Registered nosave memory: [mem 0x0009f000-0x0009ffff]
[    0.000000] PM: Registered nosave memory: [mem 0x000a0000-0x000effff]
[    0.000000] PM: Registered nosave memory: [mem 0x000f0000-0x000fffff]
[    0.000000] e820: [mem 0x40000000-0xfebfffff] available for PCI devices
[    0.000000] Booting paravirtualized kernel on KVM
[    0.000000] clocksource: refined-jiffies: mask: 0xffffffff max_cycles: 0xffffffff, max_idle_ns: 7645519600211568 ns
[    0.000000] setup_percpu: NR_CPUS:8 nr_cpumask_bits:8 nr_cpu_ids:2 nr_node_ids:1
[    0.000000] PERCPU: Embedded 19 pages/cpu @f76b0000 s47436 r0 d30388 u77824
[    0.000000] PV qspinlock hash table entries: 512 (order: 0, 4096 bytes)
[    0.000000] Built 1 zonelists in Zone order, mobility grouping on.  Total pages: 259800
[    0.000000] Kernel command line: BOOT_IMAGE=/boot/vmlinuz-4.4.0-59-generic root=LABEL=cloudimg-rootfs ro console=tty1 console=ttyS0
[    0.000000] PID hash table entries: 4096 (order: 2, 16384 bytes)
[    0.000000] Dentry cache hash table entries: 131072 (order: 7, 524288 bytes)
[    0.000000] Inode-cache hash table entries: 65536 (order: 6, 262144 bytes)
[    0.000000] Initializing CPU#0
[    0.000000] Initializing HighMem for node 0 (00037bfe:0003fff0)
[    0.000000] Initializing Movable for node 0 (00000000:00000000)
[    0.000000] Memory: 1012488K/1048120K available (7914K kernel code, 765K rwdata, 3148K rodata, 944K init, 800K bss, 35632K reserved, 0K cma-reserved, 135112K highmem)
[    0.000000] virtual kernel memory layout:
[    0.000000]     fixmap  : 0xfff15000 - 0xfffff000   ( 936 kB)
[    0.000000]     pkmap   : 0xffc00000 - 0xffe00000   (2048 kB)
[    0.000000]     vmalloc : 0xf83fe000 - 0xffbfe000   ( 120 MB)
[    0.000000]     lowmem  : 0xc0000000 - 0xf7bfe000   ( 891 MB)
[    0.000000]       .init : 0xc1b91000 - 0xc1c7d000   ( 944 kB)
[    0.000000]       .data : 0xc17bacfb - 0xc1b8f400   (3921 kB)
[    0.000000]       .text : 0xc1000000 - 0xc17bacfb   (7915 kB)
[    0.000000] Checking if this processor honours the WP bit even in supervisor mode...Ok.
[    0.000000] SLUB: HWalign=64, Order=0-3, MinObjects=0, CPUs=2, Nodes=1
[    0.000000] Hierarchical RCU implementation.
[    0.000000] 	Build-time adjustment of leaf fanout to 32.
[    0.000000] 	RCU restricting CPUs from NR_CPUS=8 to nr_cpu_ids=2.
[    0.000000] RCU: Adjusting geometry for rcu_fanout_leaf=32, nr_cpu_ids=2
[    0.000000] NR_IRQS:2304 nr_irqs:440 16
[    0.000000] Console: colour VGA+ 80x25
[    0.000000] console [tty1] enabled
[    0.000000] console [ttyS0] enabled
[    0.000000] allocated 1048576 bytes of page_ext
[    0.000000] tsc: Detected 2593.992 MHz processor
[    4.151474] Calibrating delay loop (skipped) preset value.. 5187.98 BogoMIPS (lpj=10375968)
[    4.254148] pid_max: default: 32768 minimum: 301
[    4.288617] ACPI: Core revision 20150930
[    4.345236] ACPI: 2 ACPI AML tables successfully acquired and loaded
[    4.416847] Security Framework initialized
[    4.426469] Yama: becoming mindful.
[    4.432794] AppArmor: AppArmor initialized
[    4.445366] Mount-cache hash table entries: 2048 (order: 1, 8192 bytes)
[    4.464008] Mountpoint-cache hash table entries: 2048 (order: 1, 8192 bytes)
[    4.514553] Initializing cgroup subsys io
[    4.527016] Initializing cgroup subsys memory
[    4.538109] Initializing cgroup subsys devices
[    4.544870] Initializing cgroup subsys freezer
[    4.552086] Initializing cgroup subsys net_cls
[    4.562033] Initializing cgroup subsys perf_event
[    4.570766] Initializing cgroup subsys net_prio
[    4.590195] Initializing cgroup subsys hugetlb
[    4.600681] Initializing cgroup subsys pids
[    4.607853] CPU: Physical Processor ID: 0
[    4.629433] CPU: Processor Core ID: 0
[    4.640572] mce: CPU supports 0 MCE banks
[    4.652410] Last level iTLB entries: 4KB 64, 2MB 8, 4MB 8
[    4.660297] Last level dTLB entries: 4KB 64, 2MB 0, 4MB 0, 1GB 4
[    4.680939] Freeing SMP alternatives memory: 28K (c1c7d000 - c1c84000)
[    4.717300] ftrace: allocating 31349 entries in 62 pages
[    4.916028] smpboot: APIC(0) Converting physical 0 to logical package 0
[    4.989320] smpboot: Max logical packages: 1
[    5.035755] Enabling APIC mode:  Flat.  Using 1 I/O APICs
[    5.079315] ..TIMER: vector=0x30 apic1=0 pin1=2 apic2=-1 pin2=-1
[    5.264294] smpboot: CPU0: Intel(R) Core(TM) i7-5600U CPU @ 2.60GHz (family: 0x6, model: 0x3d, stepping: 0x4)
[    5.313048] Performance Events: unsupported p6 CPU model 61 no PMU driver, software events only.
[    5.325108] KVM setup paravirtual spinlock
[    5.338876] x86: Booting SMP configuration:
[    5.371370] .... node  #0, CPUs:      #1
[1266874884.652028] Initializing CPU#1
[    5.411773] kvm-clock: cpu 1, msr 0:37bfd041, secondary cpu clock
[    5.425540] mce: CPU supports 0 MCE banks
[    5.429860] x86: Booted up 1 node, 2 CPUs
[    5.461297] smpboot: Total of 2 processors activated (10375.96 BogoMIPS)
[    5.530049] devtmpfs: initialized
[    5.556980] evm: security.selinux
[    5.592905] evm: security.SMACK64
[    5.597535] evm: security.SMACK64EXEC
[    5.622723] evm: security.SMACK64TRANSMUTE
[    5.648094] evm: security.SMACK64MMAP
[    5.667412] evm: security.ima
[    5.692737] evm: security.capability
[    5.735787] clocksource: jiffies: mask: 0xffffffff max_cycles: 0xffffffff, max_idle_ns: 7645041785100000 ns
[    5.802656] pinctrl core: initialized pinctrl subsystem
[    5.831905] RTC time: 19:12:43, date: 03/02/17
[    5.849939] NET: Registered protocol family 16
[    5.868243] EISA bus registered
[    5.884586] cpuidle: using governor ladder
[    5.904144] cpuidle: using governor menu
[    5.910488] PCCT header not found.
[    5.918301] ACPI: bus type PCI registered
[    5.923424] acpiphp: ACPI Hot Plug PCI Controller Driver version: 0.5
[    5.937347] PCI : PCI BIOS area is rw and x. Use pci=nobios if you want it NX.
[    5.958911] PCI: PCI BIOS revision 2.10 entry at 0xfda26, last bus=0
[    5.966643] PCI: Using configuration type 1 for base access
[    5.987620] ACPI: Added _OSI(Module Device)
[    5.995767] ACPI: Added _OSI(Processor Device)
[    6.006265] ACPI: Added _OSI(3.0 _SCP Extensions)
[    6.024667] ACPI: Added _OSI(Processor Aggregator Device)
[    6.033341] ACPI: Executed 1 blocks of module-level executable AML code
[    6.066720] ACPI: Interpreter enabled
[    6.072671] ACPI: (supports S0 S5)
[    6.089222] ACPI: Using IOAPIC for interrupt routing
[    6.097551] PCI: Using host bridge windows from ACPI; if necessary, use "pci=nocrs" and report a bug
[    6.177597] ACPI: PCI Root Bridge [PCI0] (domain 0000 [bus 00-ff])
[    6.245997] acpi PNP0A03:00: _OSC: OS supports [ASPM ClockPM Segments MSI]
[    6.311938] acpi PNP0A03:00: _OSC failed (AE_NOT_FOUND); disabling ASPM
[    6.365146] acpi PNP0A03:00: fail to add MMCONFIG information, can't access extended PCI configuration space under this bridge.
[    6.435622] PCI host bridge to bus 0000:00
[    6.460107] pci_bus 0000:00: root bus resource [io  0x0000-0x0cf7 window]
[    6.528213] pci_bus 0000:00: root bus resource [io  0x0d00-0xffff window]
[    6.583195] pci_bus 0000:00: root bus resource [mem 0x000a0000-0x000bffff window]
[    6.631412] pci_bus 0000:00: root bus resource [mem 0x40000000-0xffdfffff window]
[    6.674811] pci_bus 0000:00: root bus resource [bus 00-ff]
[    6.725094] pci 0000:00:01.1: legacy IDE quirk: reg 0x10: [io  0x01f0-0x01f7]
[    6.779908] pci 0000:00:01.1: legacy IDE quirk: reg 0x14: [io  0x03f6]
[    6.855309] pci 0000:00:01.1: legacy IDE quirk: reg 0x18: [io  0x0170-0x0177]
[    6.939109] pci 0000:00:01.1: legacy IDE quirk: reg 0x1c: [io  0x0376]
[    7.057990] pci 0000:00:07.0: quirk: [io  0x4000-0x403f] claimed by PIIX4 ACPI
[    7.095729] pci 0000:00:07.0: quirk: [io  0x4100-0x410f] claimed by PIIX4 SMB
[    7.145088] ACPI: PCI Interrupt Link [LNKA] (IRQs 5 9 10 *11)
[    7.163471] ACPI: PCI Interrupt Link [LNKB] (IRQs 5 9 10 *11)
[    7.178572] ACPI: PCI Interrupt Link [LNKC] (IRQs 5 9 *10 11)
[    7.192141] ACPI: PCI Interrupt Link [LNKD] (IRQs 5 *9 10 11)
[    7.214943] ACPI: Enabled 2 GPEs in block 00 to 07
[    7.236323] vgaarb: setting as boot device: PCI:0000:00:02.0
[    7.260695] vgaarb: device added: PCI:0000:00:02.0,decodes=io+mem,owns=io+mem,locks=none
[    7.273315] vgaarb: loaded
[    7.277850] vgaarb: bridge control possible 0000:00:02.0
[    7.286948] SCSI subsystem initialized
[    7.291501] ACPI: bus type USB registered
[    7.305538] usbcore: registered new interface driver usbfs
[    7.348971] usbcore: registered new interface driver hub
[    7.412614] usbcore: registered new device driver usb
[    7.461610] PCI: Using ACPI for IRQ routing
[    7.502441] NetLabel: Initializing
[    7.528676] NetLabel:  domain hash size = 128
[    7.554301] NetLabel:  protocols = UNLABELED CIPSOv4
[    7.600607] NetLabel:  unlabeled traffic allowed by default
[    7.652935] amd_nb: Cannot enumerate AMD northbridges
[    7.685227] clocksource: Switched to clocksource kvm-clock
[    7.780811] AppArmor: AppArmor Filesystem Enabled
[    7.850754] pnp: PnP ACPI init
[    7.897637] pnp: PnP ACPI: found 3 devices
[    7.990370] PnPBIOS: Disabled by ACPI PNP
[    8.126280] clocksource: acpi_pm: mask: 0xffffff max_cycles: 0xffffff, max_idle_ns: 2085701024 ns
[    8.253611] NET: Registered protocol family 2
[    8.319082] TCP established hash table entries: 8192 (order: 3, 32768 bytes)
[    8.324950] TCP bind hash table entries: 8192 (order: 4, 65536 bytes)
[    8.331598] TCP: Hash tables configured (established 8192 bind 8192)
[    8.353816] UDP hash table entries: 512 (order: 2, 16384 bytes)
[    8.375077] UDP-Lite hash table entries: 512 (order: 2, 16384 bytes)
[    8.398398] NET: Registered protocol family 1
[    8.403304] pci 0000:00:00.0: Limiting direct PCI/PCI transfers
[    8.488827] pci 0000:00:01.0: Activating ISA DMA hang workarounds
[    8.503192] Trying to unpack rootfs image as initramfs...
[   16.052734] Freeing initrd memory: 10508K (f6b6a000 - f75ad000)
[   16.062740] RAPL PMU detected, API unit is 2^-32 Joules, 4 fixed counters 10737418240 ms ovfl timer
[   16.103300] hw unit of domain pp0-core 2^-0 Joules
[   16.135560] hw unit of domain package 2^-0 Joules
[   16.171312] hw unit of domain dram 2^-0 Joules
[   16.201304] hw unit of domain pp1-gpu 2^-0 Joules
[   16.229582] platform rtc_cmos: registered platform RTC device (no PNP device found)
[   16.329231] Scanning for low memory corruption every 60 seconds
[   16.410377] futex hash table entries: 512 (order: 3, 32768 bytes)
[   16.469114] audit: initializing netlink subsys (disabled)
[   16.499453] audit: type=2000 audit(1488481974.767:1): initialized
[   16.557143] Initialise system trusted keyring
[   16.595885] HugeTLB registered 2 MB page size, pre-allocated 0 pages
[   16.643987] zbud: loaded
[   16.667639] VFS: Disk quotas dquot_6.6.0
[   16.712218] VFS: Dquot-cache hash table entries: 1024 (order 0, 4096 bytes)
[   16.734835] squashfs: version 4.0 (2009/01/31) Phillip Lougher
[   16.758190] fuse init (API version 7.23)
[   16.776611] Key type big_key registered
[   16.795028] Allocating IMA MOK and blacklist keyrings.
[   16.816261] Key type asymmetric registered
[   16.829540] Asymmetric key parser 'x509' registered
[   16.853569] bounce: pool size: 64 pages
[   16.866136] Block layer SCSI generic (bsg) driver version 0.4 loaded (major 249)
[   16.881702] io scheduler noop registered
[   16.910972] io scheduler deadline registered (default)
[   16.925009] io scheduler cfq registered
[   16.937229] pci_hotplug: PCI Hot Plug PCI Core version: 0.5
[   16.955347] pciehp: PCI Express Hot Plug Controller Driver version: 0.4
[   16.994553] ACPI: AC Adapter [AC] (off-line)
[   17.012611] input: Power Button as /devices/LNXSYSTM:00/LNXPWRBN:00/input/input0
[   17.033843] ACPI: Power Button [PWRF]
[   17.061856] input: Sleep Button as /devices/LNXSYSTM:00/LNXSLPBN:00/input/input1
[   17.092325] ACPI: Sleep Button [SLPF]
[   17.113226] GHES: HEST is not enabled!
[   17.118862] ACPI: Battery Slot [BAT0] (battery present)
[   17.163088] isapnp: Scanning for PnP cards...
[   17.212855] Serial: 8250/16550 driver, 32 ports, IRQ sharing enabled
[   17.241196] clocksource: tsc: mask: 0xffffffffffffffff max_cycles: 0x25641074d3b, max_idle_ns: 440795244898 ns
[   17.324758] 00:02: ttyS0 at I/O 0x3f8 (irq = 4, base_baud = 115200) is a 16550A
[   17.349938] Linux agpgart interface v0.103
[   17.378336] brd: module loaded
[   17.392667] loop: module loaded
[   17.405945] scsi host0: ata_piix
[   17.422502] scsi host1: ata_piix
[   17.426899] ata1: PATA max UDMA/33 cmd 0x1f0 ctl 0x3f6 bmdma 0xd000 irq 14
[   17.444335] ata2: PATA max UDMA/33 cmd 0x170 ctl 0x376 bmdma 0xd008 irq 15
[   17.466484] libphy: Fixed MDIO Bus: probed
[   17.481075] tun: Universal TUN/TAP device driver, 1.6
[   17.523880] tun: (C) 1999-2004 Max Krasnyansky <maxk@qualcomm.com>
[   17.548943] PPP generic driver version 2.4.2
[   17.562710] ehci_hcd: USB 2.0 'Enhanced' Host Controller (EHCI) Driver
[   17.594060] ehci-pci: EHCI PCI platform driver
[   17.610013] ehci-platform: EHCI generic platform driver
[   17.636153] isapnp: No Plug & Play device found
[   17.674472] ohci_hcd: USB 1.1 'Open' Host Controller (OHCI) Driver
[   17.733529] ohci-pci: OHCI PCI platform driver
[   17.806916] ohci-platform: OHCI generic platform driver
[   17.916522] uhci_hcd: USB Universal Host Controller Interface driver
[   17.995673] i8042: PNP: PS/2 Controller [PNP0303:PS2K,PNP0f03:PS2M] at 0x60,0x64 irq 1,12
[   18.028668] serio: i8042 KBD port at 0x60,0x64 irq 1
[   18.060966] serio: i8042 AUX port at 0x60,0x64 irq 12
[   18.068385] mousedev: PS/2 mouse device common for all mice
[   18.079882] input: AT Translated Set 2 keyboard as /devices/platform/i8042/serio0/input/input2
[   18.097165] rtc_cmos rtc_cmos: rtc core: registered rtc_cmos as rtc0
[   18.110795] rtc_cmos rtc_cmos: alarms up to one day, 114 bytes nvram
[   18.129593] i2c /dev entries driver
[   18.139250] device-mapper: uevent: version 1.0.3
[   18.147046] device-mapper: ioctl: 4.34.0-ioctl (2015-10-28) initialised: dm-devel@redhat.com
[   18.161472] platform eisa.0: Probing EISA bus 0
[   18.170975] platform eisa.0: EISA: Cannot allocate resource for mainboard
[   18.179832] platform eisa.0: Cannot allocate resource for EISA slot 1
[   18.190061] platform eisa.0: Cannot allocate resource for EISA slot 2
[   18.198587] platform eisa.0: Cannot allocate resource for EISA slot 3
[   18.221660] platform eisa.0: Cannot allocate resource for EISA slot 4
[   18.295165] platform eisa.0: Cannot allocate resource for EISA slot 5
[   18.333117] platform eisa.0: Cannot allocate resource for EISA slot 6
[   18.344248] platform eisa.0: Cannot allocate resource for EISA slot 7
[   18.363197] platform eisa.0: Cannot allocate resource for EISA slot 8
[   18.378093] platform eisa.0: EISA: Detected 0 cards
[   18.389177] cpufreq-nforce2: No nForce2 chipset.
[   18.432939] ledtrig-cpu: registered to indicate activity on CPUs
[   18.464295] NET: Registered protocol family 10
[   18.476792] NET: Registered protocol family 17
[   18.505730] Key type dns_resolver registered
[   18.541065] microcode: CPU0 sig=0x306d4, pf=0x40, revision=0x0
[   18.560681] microcode: CPU1 sig=0x306d4, pf=0x40, revision=0x0
[   18.600384] microcode: Microcode Update Driver: v2.01 <tigran@aivazian.fsnet.co.uk>, Peter Oruba
[   18.638450] Using IPI No-Shortcut mode
[   18.652838] registered taskstats version 1
[   18.682688] Loading compiled-in X.509 certificates
[   18.717447] Loaded X.509 cert 'Build time autogenerated kernel key: 5abddad4aa185bb4ac78f1f130c188cbdfc4c5fc'
[   18.752150] zswap: loaded using pool lzo/zbud
[   18.765583] Key type trusted registered
[   18.811338] Key type encrypted registered
[   18.836021] AppArmor: AppArmor sha1 policy hashing enabled
[   18.875077] ima: No TPM chip found, activating TPM-bypass!
[   18.903003] evm: HMAC attrs: 0x1
[   18.913786]   Magic number: 9:314:242
[   18.926438] rtc_cmos rtc_cmos: setting system clock to 2017-03-02 19:12:56 UTC (1488481976)
[   18.970529] BIOS EDD facility v0.16 2004-Jun-25, 0 devices found
[   18.986425] EDD information not available.
[   19.001907] Freeing unused kernel memory: 944K (c1b91000 - c1c7d000)
[   19.066372] Write protecting the kernel text: 7916k
[   19.112580] Write protecting the kernel read-only data: 3156k
[   19.181721] NX-protecting the kernel data: 6420k
Loading, please wait...
starting version[   19.268462] random: systemd-udevd: uninitialized urandom read (16 bytes read, 2 bits of entropy available)
 229
[   19.271156] random: udevadm: uninitialized urandom read (16 bytes read, 2 bits of entropy available)
[   19.271359] random: udevadm: uninitialized urandom read (16 bytes read, 2 bits of entropy available)
[   19.272198] random: udevadm: uninitialized urandom read (16 bytes read, 2 bits of entropy available)
[   19.272500] random: udevadm: uninitialized urandom read (16 bytes read, 2 bits of entropy available)
[   19.272840] random: udevadm: uninitialized urandom read (16 bytes read, 2 bits of entropy available)
[   19.273195] random: udevadm: uninitialized urandom read (16 bytes read, 2 bits of entropy available)
[   19.273718] random: udevadm: uninitialized urandom read (16 bytes read, 2 bits of entropy available)
[   19.273996] random: udevadm: uninitialized urandom read (16 bytes read, 2 bits of entropy available)
[   19.274349] random: udevadm: uninitialized urandom read (16 bytes read, 2 bits of entropy available)
[   19.752086] e1000: Intel(R) PRO/1000 Network Driver - version 7.3.21-k8-NAPI
[   19.791633] e1000: Copyright (c) 1999-2006 Intel Corporation.
[   19.817953] Fusion MPT base driver 3.04.20
[   19.823010] Copyright (c) 1999-2008 LSI Corporation
[   19.889365] Fusion MPT SPI Host driver 3.04.20
[   19.898546] mptbase: ioc0: Initiating bringup
[   19.986139] ioc0: LSI53C1030 A0: Capabilities={Initiator}
[   20.124750] input: ImExPS/2 Generic Explorer Mouse as /devices/platform/i8042/serio1/input/input4
[   20.316469] scsi host2: ioc0: LSI53C1030 A0, FwRev=00000000h, Ports=1, MaxQ=256, IRQ=20
[   20.443539] scsi 2:0:0:0: Direct-Access     VBOX     HARDDISK         1.0  PQ: 0 ANSI: 5
[   20.460824] scsi target2:0:0: Beginning Domain Validation
[   20.474072] scsi target2:0:0: Domain Validation skipping write tests
[   20.489367] scsi target2:0:0: Ending Domain Validation
[   20.499985] scsi target2:0:0: asynchronous
[   20.527359] scsi 2:0:1:0: Direct-Access     VBOX     HARDDISK         1.0  PQ: 0 ANSI: 5
[   20.537308] scsi target2:0:1: Beginning Domain Validation
[   20.560344] scsi target2:0:1: Domain Validation skipping write tests
[   20.606330] scsi target2:0:1: Ending Domain Validation
[   20.634476] scsi target2:0:1: asynchronous
[   20.867050] sd 2:0:0:0: Attached scsi generic sg0 type 0
[   20.887974] sd 2:0:1:0: [sdb] 20480 512-byte logical blocks: (10.5 MB/10.0 MiB)
[   20.896527] sd 2:0:1:0: Attached scsi generic sg1 type 0
[   20.898441] sd 2:0:0:0: [sda] 20971520 512-byte logical blocks: (10.7 GB/10.0 GiB)
[   20.914273] sd 2:0:1:0: [sdb] Write Protect is off
[   20.926125] sd 2:0:0:0: [sda] Write Protect is off
[   20.936571] sd 2:0:1:0: [sdb] Incomplete mode parameter data
[   20.954268] sd 2:0:1:0: [sdb] Assuming drive cache: write through
[   20.966343] sd 2:0:0:0: [sda] Incomplete mode parameter data
[   20.974988] sd 2:0:0:0: [sda] Assuming drive cache: write through
[   21.010540]  sda: sda1
[   21.018263] sd 2:0:1:0: [sdb] Attached SCSI disk
[   21.028084] sd 2:0:0:0: [sda] Attached SCSI disk
[   21.177089] e1000 0000:00:03.0 eth0: (PCI:33MHz:32-bit) 02:ba:9d:25:04:86
[   21.196337] e1000 0000:00:03.0 eth0: Intel(R) PRO/1000 Network Connection
[   21.230267] e1000 0000:00:03.0 enp0s3: renamed from eth0
[   22.753890] floppy0: no floppy controllers found
Begin: Loading essential drivers[   25.064596] md: linear personality registered for level -1
 ... [   25.121586] md: multipath personality registered for level -4
[   25.201724] md: raid0 personality registered for level 0
[   25.258809] md: raid1 personality registered for level 1
[   25.421306] raid6: mmxx1    gen()   408 MB/s
[   25.515459] raid6: mmxx2    gen()   864 MB/s
[   25.606499] raid6: sse1x1   gen()   427 MB/s
[   25.683246] raid6: sse1x2   gen()   593 MB/s
[   25.761631] raid6: sse2x1   gen()   877 MB/s
[   25.846302] raid6: sse2x1   xor()   791 MB/s
[   25.918032] raid6: sse2x2   gen()  1707 MB/s
[   25.997432] raid6: sse2x2   xor()  1095 MB/s
[   26.011413] raid6: using algorithm sse2x2 gen() 1707 MB/s
[   26.040201] raid6: .... xor() 1095 MB/s, rmw enabled
[   26.062285] raid6: using ssse3x1 recovery algorithm
[   26.090518] xor: automatically using best checksumming function:
[   26.161654]    avx       :  5437.000 MB/sec
[   26.210949] async_tx: api initialized (async)
[   26.295703] md: raid6 personality registered for level 6
[   26.301148] md: raid5 personality registered for level 5
[   26.352285] md: raid4 personality registered for level 4
[   26.435443] md: raid10 personality registered for level 10
done.
Begin: Running /scripts/init-premount ... done.
Begin: Mounting root file system ... Begin: Running /scripts/local-top ... done.
Begin: Running /scripts/local-premount ... [   26.666277] Btrfs loaded
Scanning for Btrfs filesystems
done.
Warning: fsck not present, so sk[   26.833907] EXT4-fs (sda1): mounted filesystem with ordered data mode. Opts: (null)
ipping root file system
done.
Begin: Running /scripts/local-bottom ... done.
Begin: Running /scripts/init-bottom ... done.
[   27.251692] systemd[1]: systemd 229 running in system mode. (+PAM +AUDIT +SELINUX +IMA +APPARMOR +SMACK +SYSVINIT +UTMP +LIBCRYPTSETUP +GCRYPT +GNUTLS +ACL +XZ -LZ4 +SECCOMP +BLKID +ELFUTILS +KMOD -IDN)
[   27.430756] systemd[1]: Detected virtualization oracle.
[   27.533963] systemd[1]: Detected architecture x86.

Welcome to [1mUbuntu 16.04.1 LTS[0m!

[   27.611614] systemd[1]: Set hostname to <ubuntu-xenial>.
[   27.982846] systemd[1]: Listening on udev Control Socket.
[[0;32m  OK  [0m] Listening on udev Control Socket.
[   28.030348] systemd[1]: Listening on Journal Socket.
[[0;32m  OK  [0m] Listening on Journal Socket.
[   28.057691] systemd[1]: Listening on LVM2 poll daemon socket.
[[0;32m  OK  [0m] Listening on LVM2 poll daemon socket.
[   28.082586] systemd[1]: Listening on udev Kernel Socket.
[[0;32m  OK  [0m] Listening on udev Kernel Socket.
[   28.096331] systemd[1]: Set up automount Arbitrary Executable File Formats File System Automount Point.
[[0;32m  OK  [0m] Set up automount Arbitrary Executab...ats File System Automount Point.
[   28.158694] systemd[1]: Listening on /dev/initctl Compatibility Named Pipe.
[[0;32m  OK  [0m] Listening on /dev/initctl Compatibility Named Pipe.
[   28.209922] systemd[1]: Reached target User and Group Name Lookups.
[[0;32m  OK  [0m] Reached target User and Group Name Lookups.
[   28.225383] systemd[1]: Reached target Swap.
[[0;32m  OK  [0m] Reached target Swap.
[   28.237763] systemd[1]: Listening on Device-mapper event daemon FIFOs.
[[0;32m  OK  [0m] Listening on Device-mapper event daemon FIFOs.
[   28.261238] systemd[1]: Started Forward Password Requests to Wall Directory Watch.
[[0;32m  OK  [0m] Started Forward Password Requests to Wall Directory Watch.
[   28.288622] systemd[1]: Reached target Encrypted Volumes.
[[0;32m  OK  [0m] Reached target Encrypted Volumes.
[   28.311820] systemd[1]: Listening on Journal Socket (/dev/log).
[[0;32m  OK  [0m] Listening on Journal Socket (/dev/log).
[   28.339614] systemd[1]: Created slice User and Session Slice.
[[0;32m  OK  [0m] Created slice User and Session Slice.
[   28.354835] systemd[1]: Listening on LVM2 metadata daemon socket.
[[0;32m  OK  [0m] Listening on LVM2 metadata daemon socket.
[   28.398999] systemd[1]: Listening on Journal Audit Socket.
[[0;32m  OK  [0m] Listening on Journal Audit Socket.
[   28.417904] systemd[1]: Listening on Syslog Socket.
[[0;32m  OK  [0m] Listening on Syslog Socket.
[   28.503838] systemd[1]: Created slice System Slice.
[[0;32m  OK  [0m] Created slice System Slice.
[   28.609855] systemd[1]: Starting Remount Root and Kernel File Systems...
         Starting Remount Root and Kernel[   28.670808] random: nonblocking pool is initialized
 File Systems...[   28.717055] EXT4-fs (sda1): re-mounted. Opts: (null)

[   28.798655] systemd[1]: Starting Set console keymap...
         Starting Set console keymap...
[   28.923253] systemd[1]: Created slice system-serial\x2dgetty.slice.
[[0;32m  OK  [0m] Created slice system-serial\x2dgetty.slice.
[   28.994366] systemd[1]: Mounting Debug File System...
         Mounting Debug File System...
[   29.028357] systemd[1]: Starting Journal Service...
         Starting Journal Service...
[   29.096062] systemd[1]: Reached target Slices.
[[0;32m  OK  [0m] Reached target Slices.
[   29.186555] systemd[1]: Starting Uncomplicated firewall...
         Starting Uncomplicated firewall...
[   29.278521] systemd[1]: Starting Load Kernel Modules...
[   29.335398] Loading iSCSI transport class v2.0-870.
         Starting Load Kernel Modules...
[   29.429853] systemd[1]: Starting Monitoring of LVM2 mirrors, snapshots etc. using dmeventd or progress polling...
         Starting Monitoring of LVM2 mirrors... dmeventd [   29.503904] iscsi: registered transport (tcp)
or progress polling...
[   29.569731] systemd[1]: Starting Nameserver information manager...
         Starting Nameserver information manager...
[   29.593985] systemd[1]: Mounting POSIX Message Queue File System...
         Mounting POSIX Message Queue File System...
[   29.649739] systemd[1]: Mounting Huge Pages File System...
         Mounting Huge Pages File System...
[   29.723322] iscsi: registered transport (iser)
[   29.768163] systemd[1]: Starting Create list of required static device nodes for the current kernel...
         Starting Create list of required st... nodes for the current kernel...
[   29.857260] systemd[1]: Mounted Huge Pages File System.
[[0;32m  OK  [0m] Mounted Huge Pages File System.
[   29.922054] systemd[1]: Mounted POSIX Message Queue File System.
[[0;32m  OK  [0m] Mounted POSIX Message Queue File System.
[   29.964456] systemd[1]: Mounted Debug File System.
[[0;32m  OK  [0m] Mounted Debug File System.
[   29.992908] systemd[1]: Started Journal Service.
[[0;32m  OK  [0m] Started Journal Service.
[[0;32m  OK  [0m] Started Remount Root and Kernel File Systems.
[[0;32m  OK  [0m] Started Set console keymap.
[[0;32m  OK  [0m] Started Uncomplicated firewall.
[[0;32m  OK  [0m] Started Load Kernel Modules.
[[0;32m  OK  [0m] Started Create list of required sta...ce nodes for the current kernel.
[[0;32m  OK  [0m] Started Nameserver information manager.
[[0;32m  OK  [0m] Started LVM2 metadata daemon.
         Starting Create Static Device Nodes in /dev...
         Starting Apply Kernel Variables...
         Mounting FUSE Control File System...
         Starting Initial cloud-init job (pre-networking)...
         Starting udev Coldplug all Devices...
         Starting Load/Save Random Seed...
         Starting Flush Journal to Persistent Storage...
[[0;32m  OK  [0m] Mounted FUSE Control File System.
[[0;32m  OK  [0m] Started Create Static Device Nodes in /dev.
[[0;32m  OK  [0m] Started Apply Kernel Variables.
[[0;32m  OK  [0m] Started Monitoring of LVM2 mirrors,...ng dmeventd or progress polling.
[[0;32m  OK  [0m] Started Load/Save Random Seed.
[[0;32m  OK  [0m] Started udev Coldplug all Devices.
[[0;32m  OK  [0m] Started Flush Journal to Persistent Storage.
         Starting udev Kernel Device Manager...
[[0;32m  OK  [0m] Started udev Kernel Device Manager.
[[0;32m  OK  [0m] Started Dispatch Password Requests to Console Directory Watch.
[[0;32m  OK  [0m] Reached target Local File Systems (Pre).
[[0;32m  OK  [0m] Reached target Local File Systems.
         Starting Tell Plymouth To Write Out Runtime Data...
         Starting LSB: AppArmor initialization...
         Starting Create Volatile Files and Directories...
         Starting Set console font and keymap...
[[0;32m  OK  [0m] Started Tell Plymouth To Write Out Runtime Data.
[[0;32m  OK  [0m] Started Create Volatile Files and Directories.
[[0;32m  OK  [0m] Reached target System Time Synchronized.
         Starting Update UTMP about System Boot/Shutdown...
[[0;32m  OK  [0m] Started Update UTMP about System Boot/Shutdown.
[[0;32m  OK  [0m] Started LSB: AppArmor initialization.
[[0;32m  OK  [0m] Found device /dev/ttyS0.
[[0;32m  OK  [0m] Found device 82540EM Gigabit Ethern...r (PRO/1000 MT Desktop Adapter).
[[0;32m  OK  [0m] Started Set console font and keymap.
[[0;32m  OK  [0m] Created slice system-getty.slice.
[[0;32m  OK  [0m] Listening on Load/Save RF Kill Switch Status /dev/rfkill Watch.
[   29.077626] [[0;32m  OK  [0m] Started Initial cloud-init job (pre-networking).
cloud-init[479]: Cloud-init v. 0.7.8 running 'init-local' at Thu, 02 Mar 2017 19:13:12 +0000. Up 28.09 seconds.
[[0;32m  OK  [0m] Reached target Network (Pre).
         Starting Raise network interfaces...
[[0;32m  OK  [0m] Started ifup for enp0s3.
[[0;32m  OK  [0m] Started Raise network interfaces.
[[0;32m  OK  [0m] Reached target Network.
         Starting Initial cloud-init job (metadata service crawler)...
[   34.408932] cloud-init[1072]: Cloud-init v. 0.7.8 running 'init' at Thu, 02 Mar 2017 19:13:17 +0000. Up 33.17 seconds.
[   34.477621] cloud-init[1072]: ci-info: +++++++++++++++++++++++++++++++++++++Net device info+++++++++++++++++++++++++++++++++++++
[[0;32m  OK  [0m] Started Initial cloud-init job (metadata service crawler).
[   34.534139] cloud-init[1072]: ci-info: +--------+------+---------------------------+---------------+-------+-------------------+
[   34.649823] cloud-init[1072]: ci-info: | Device |  Up  |          Address          |      Mask     | Scope |     Hw-Address    |
[[0;32m  OK  [0m] Reached target System Initialization.
[   34.652393] [cloud-init[1072]: [0;32m  OK  [0mci-info: +--------+------+---------------------------+---------------+-------+-------------------+] 
Started Daily Cleanup of Temporary Directories.
[   34.733738]          cloud-initStarting Socket activation for snappy daemon.[1072]: 
ci-info: | enp0s3 | True |         10.0.2.15         | 255.255.255.0 |   .   | 02:ba:9d:25:04:86 |
[   34.917422] [cloud-init[0;32m  OK  [0m[1072]: ] ci-info: | enp0s3 | True | fe80::ba:9dff:fe25:486/64 |       .       |  link | 02:ba:9d:25:04:86 |Listening on UUID daemon activation socket.

[   34.919187] [cloud-init[0;32m  OK  [0m[1072]: ] ci-info: |   lo   | True |         127.0.0.1         |   255.0.0.0   |   .   |         .         |Started Trigger resolvconf update for networkd DNS.

[[0;32m  OK  [0m] Listening on D-Bus System Message Bus Socket.
[   35.043898] cloud-init[1072]: ci-info: |   lo   | True |          ::1/128          |       .       |  host |         .         |
[[0;32m  OK  [0m] Started Timer to automatically refresh installed snaps.
[   35.067852]          cloud-initStarting LXD - unix socket.[1072]: 
ci-info: +--------+------+---------------------------+---------------+-------+-------------------+
[   35.177586] [cloud-init[0;32m  OK  [0m[1072]: ] ci-info: +++++++++++++++++++++++++++Route IPv4 info++++++++++++++++++++++++++++Started ACPI Events Check.

[[0;32m  OK  [0m] Reached target Paths.
[[0;32m  OK  [0m] Listening on ACPID Listen Socket.
[   35.179319] cloud-init[1072]: ci-info: +-------+-------------+----------+---------------+-----------+-------+
[   35.409356] [cloud-init[0;32m  OK  [0m[1072]: ] ci-info: | Route | Destination | Gateway  |    Genmask    | Interface | Flags |Started Daily apt activities.

[   35.411527] [cloud-init[0;32m  OK  [0m[1072]: ] ci-info: +-------+-------------+----------+---------------+-----------+-------+Reached target Timers.

[   35.597073] [cloud-init[0;32m  OK  [0m[1072]: ] ci-info: |   0   |   0.0.0.0   | 10.0.2.2 |    0.0.0.0    |   enp0s3  |   UG  |Reached target Network is Online.

[   35.598809] cloud-init[1072]: ci-info: |   1   |   10.0.2.0  | 0.0.0.0  | 255.255.255.0 |   enp0s3  |   U   |
[   35.738061] cloud-init[1072]: ci-info: +-------+-------------+----------+---------------+-----------+-------+
         Starting iSCSI initiator daemon (iscsid)...
[[0;32m  OK  [0m] Reached target Cloud-config availability.
[[0;32m  OK  [0m] Listening on Socket activation for snappy daemon.
[[0;32m  OK  [0m] Listening on LXD - unix socket.
[[0;32m  OK  [0m] Started iSCSI initiator daemon (iscsid).
         Starting Login to default iSCSI targets...
[[0;32m  OK  [0m] Reached target Sockets.
[[0;32m  OK  [0m] Reached target Basic System.
         Starting Accounts Service...
[[0;32m  OK  [0m] Started Deferred execution scheduler.
         Starting LSB: MD monitoring daemon...
[[0;32m  OK  [0m] Started D-Bus System Message Bus.
         Starting LXD - container startup/shutdown...
[[0;32m  OK  [0m] Started FUSE filesystem for LXC.
         Starting OpenBSD Secure Shell server...
         Starting /etc/rc.local Compatibility...
         Starting System Logging Service...
[[0;32m  OK  [0m] Started ACPI event daemon.
[[0;32m  OK  [0m] Started Regular background program processing daemon.
         Starting Login Service...
         Starting LSB: Record successful boot for GRUB...
         Starting Apply the settings specified in cloud-config...
[[0;32m  OK  [0m] Started Snappy daemon.
         Starting Auto import assertions from block devices...
[[0;32m  OK  [0m] Started /etc/rc.local Compatibility.
[[0;32m  OK  [0m] Started System Logging Service.
[[0;32m  OK  [0m] Started OpenBSD Secure Shell server.
[[0;32m  OK  [0m] Started LXD - container startup/shutdown.
[[0;32m  OK  [0m] Started Auto import assertions from block devices.
[[0;32m  OK  [0m] Started Login to default iSCSI targets.
[[0;32m  OK  [0m] Started LSB: MD monitoring daemon.
[[0;32m  OK  [0m] Started LSB: Record successful boot for GRUB.
         Starting Authenticate and Authorize Users to Run Privileged Tasks...
[[0;32m  OK  [0m] Reached target Remote File Systems (Pre).
[[0;32m  OK  [0m] Reached target Remote File Systems.
         Starting LSB: Set the CPU Frequency Scaling governor to "ondemand"...
         Starting Permit User Sessions...
         Starting LSB: automatic crash report generation...
         Starting LSB: VirtualBox Linux Additions...
         Starting LSB: daemon to balance interrupts for SMP systems...
[[0;32m  OK  [0m] Started Permit User Sessions.
[[0;32m  OK  [0m] Started Login Service.
[[0;32m  OK  [0m] Started Authenticate and Authorize Users to Run Privileged Tasks.
[[0;32m  OK  [0m] Started Accounts Service.
[[0;32m  OK  [0m] Started LSB: Set the CPU Frequency Scaling governor to "ondemand".
         Starting Terminate Plymouth Boot Screen...
         Starting Hold until boot process finishes up...
[[0;32m  OK  [0m] Started LSB: automatic crash report generation.
[[0;32m  OK  [0m] Started LSB: daemon to balance interrupts for SMP systems.
[[0;32m  OK  [0m] Started Terminate Plymouth Boot Screen.
[[0;32m  OK  [0m] Started Hold until boot process finishes up.
[[0;32m  OK  [0m] Started LSB: VirtualBox Linux Additions.
[[0;32m  OK  [0m] Created slice User Slice of ubuntu.
         Starting User Manager for UID 1000...
[[0;32m  OK  [0m] Started Session 1 of user ubuntu.
[[0;32m  OK  [0m] Started Getty on tty1.
[[0;32m  OK  [0m] Started Serial Getty on ttyS0.
[[0;32m  OK  [0m] Reached target Login Prompts.
         Starting Set console scheme...
[[0;32m  OK  [0m] Reached target Multi-User System.
[[0;32m  OK  [0m] Reached target Graphical Interface.
         Starting Update UTMP about System Runlevel Changes...
[[0;32m  OK  [0m] Started User Manager for UID 1000.
[[0;32m  OK  [0m] Started Set console scheme.
[[0;32m  OK  [0m] Started Update UTMP about System Runlevel Changes.
[   39.151263] cloud-init[1182]: Cloud-init v. 0.7.8 running 'modules:config' at Thu, 02 Mar 2017 19:13:23 +0000. Up 38.61 seconds.
[[0;32m  OK  [0m] Started Apply the settings specified in cloud-config.
         Starting Execute cloud user/final scripts...
[   41.329407] cloud-init[1391]: Cloud-init v. 0.7.8 running 'modules:final' at Thu, 02 Mar 2017 19:13:25 +0000. Up 40.94 seconds.
[   41.342648] cloud-init[1391]: Cloud-init v. 0.7.8 finished at Thu, 02 Mar 2017 19:13:25 +0000. Datasource DataSourceNoCloud [seed=/dev/sdb][dsmode=net].  Up 41.30 seconds
[[0;32m  OK  [0m] Started Execute cloud user/final scripts.
[[0;32m  OK  [0m] Reached target Cloud-init target.

Ubuntu 16.04.1 LTS ubuntu-xenial ttyS0

ubuntu-xenial login:          Stopping User Manager for UID 1000...
[[0;32m  OK  [0m] Closed Load/Save RF Kill Switch Status /dev/rfkill Watch.
         Stopping ACPI event daemon...
[[0;32m  OK  [0m] Stopped target Cloud-init target.
[[0;32m  OK  [0m] Stopped Execute cloud user/final scripts.
[[0;32m  OK  [0m] Stopped Apply the settings specified in cloud-config.
[[0;32m  OK  [0m] Stopped target Cloud-config availability.
[[0;32m  OK  [0m] Stopped target Graphical Interface.
         Stopping Accounts Service...
[[0;32m  OK  [0m] Stopped target Timers.
[[0;32m          Stopping LSB: daemon to balance interrupts for SMP systems...
         Stopping Regular background program processing daemon...
         Stopping System Logging Service...
         Stopping Snappy daemon...
         Stopping LSB: Set the CPU Frequency Scaling governor to "ondemand"...
         Stopping D-Bus System Message Bus...
         Stopping OpenBSD Secure Shell server...
         Stopping Deferred execution scheduler...
         Stopping LSB: automatic crash report generation...
[[0;32m  OK  [0m] Unmounted /var/lib/lxcfs.
[[0;32m  OK  [0m] Stopped Accounts Service.
[[0;32m  OK  [0m] Stopped Deferred execution scheduler.
[[0;32m  OK  [0m] Stopped OpenBSD Secure Shell server.
[[0;32m  OK  [0m] Stopped System Logging Service.
[[0;32m  OK  [0m] Stopped ACPI event daemon.
[[0;32m  OK  [0m] Stopped Regular background program processing daemon.
[[0;32m  OK  [0m] Stopped Snappy daemon.
[[0;32m  OK  [0m] Stopped Authenticate and Authorize Users to Run Privileged Tasks.
[[0;32m  OK  [0m] Stopped Getty on tty1.
[[0;32m  OK  [0m] Stopped Serial Getty on ttyS0.
[[0;32m  OK  [0m] Stopped User Manager for UID 1000.
[[0;32m  OK  [0m] Stopped Session 4 of user ubuntu.
[[0;32m  OK  [0m] Stopped D-Bus System Message Bus.
[[0;32m  OK  [0m] Stopped FUSE filesystem for LXC.
[[0;32m  OK  [0m] Stopped LXD - container startup/shutdown.
[[0;32m  OK  [0m] Stopped LSB: VirtualBox Linux Additions.
[[0;32m  OK  [0m] Stopped LSB: MD monitoring daemon.
[[0;32m  OK  [0m] Stopped LSB: Record successful boot for GRUB.
[[0;32m  OK  [0m] Stopped LSB: Set the CPU Frequency Scaling governor to "ondemand".
[[0;32m  OK  [0m] Stopped LSB: daemon to balance interrupts for SMP systems.
[[0;32m  OK  [0m] Stopped LSB: automatic crash report generation.
[[0;32m  OK  [0m] Removed slice User Slice of ubuntu.
         Stopping Login Service...
[[0;32m  OK  [0m] Removed slice system-serial\x2dgetty.slice.
[[0;32m  OK  [0m] Removed slice system-getty.slice.
[[0;32m  OK  [0m] Stopped /etc/rc.local Compatibility.
         Stopping Permit User Sessions...
[[0;32m  OK  [0m] Stopped Login Service.
[[0;32m  OK  [0m] Stopped Permit User Sessions.
[[0;32m  OK  [0m] Stopped target Remote File Systems.
[[0;32m  OK  [0m] Stopped target Remote File Systems (Pre).
         Stopping Login to default iSCSI targets...
[[0;32m  OK  [0m] Stopped target User and Group Name Lookups.
[[0;32m  OK  [0m] Stopped target Basic System.
[[0;32m  OK  [0m] Stopped target Slices.
[[0;32m  OK  [0m] Removed slice User and Session Slice.
[[0;32m  OK  [0m] Stopped target Sockets.
[[0;32m  OK  [0m] Closed UUID daemon activation socket.
[[0;32m  OK  [0m] Closed D-Bus System Message Bus Socket.
[[0;32m  OK  [0m] Closed Socket activation for snappy daemon.
[[0;32m  OK  [0m] Closed Syslog Socket.
[[0;32m  OK  [0m] Closed LXD - unix socket.
[[0;32m  OK  [0m] Closed ACPID Listen Socket.
[[0;32m  OK  [0m] Stopped target Paths.
[[0;32m  OK  [0m] Stopped Trigger resolvconf update for networkd DNS.
[[0;32m  OK  [0m] Stopped Dispatch Password Requests to Console Directory Watch.
[[0;32m  OK  [0m] Stopped Forward Password Requests to Wall Directory Watch.
[[0;32m  OK  [0m] Stopped ACPI Events Check.
[[0;32m  OK  [0m] Stopped target System Initialization.
         Stopping Load/Save Random Seed...
[[0;32m  OK  [0m] Stopped target Swap.
[[0;32m  OK  [0m] Stopped target Encrypted Volumes.
[[0;32m  OK  [0m] Stopped Create Volatile Files and Directories.
[[0;32m  OK  [0m] Stopped Load/Save Random Seed.
[[0;32m  OK  [0m] Stopped Login to default iSCSI targets.
         Stopping iSCSI initiator daemon (iscsid)...
[[0;32m  OK  [0m] Stopped iSCSI initiator daemon (iscsid).
[[0;32m  OK  [0m] Stopped target Network is Online.
[[0;32m  OK  [0m] Stopped target Network.
[[0;32m  OK  [0m] Stopped Initial cloud-init job (metadata service crawler).
         Stopping Raise network interfaces...
[[0;32m  OK  [0m] Stopped Raise network interfaces.
[[0;32m  OK  [0m] Stopped target Network (Pre).
[[0;32m  OK  [0m] Stopped Initial cloud-init job (pre-networking).
[[0;32m  OK  [0m] Stopped Apply Kernel Variables.
[[0;32m  OK  [0m] Stopped Load Kernel Modules.
[[0;32m  OK  [0m] Stopped target Local File Systems.
         Unmounting /vagrant...
         Unmounting /run/user/1000...
         Starting Unattended Upgrades Shutdown...
[[0;32m  OK  [0m] Unmounted /vagrant.
[[0;32m  OK  [0m] Unmounted /run/user/1000.
[[0;32m  OK  [0m] Reached target Unmount All Filesystems.
[[0;32m  OK  [0m] Stopped target Local File Systems (Pre).
[[0;32m  OK  [0m] Stopped Remount Root and Kernel File Systems.
         Stopping Monitoring of LVM2 mirrors... dmeventd or progress polling...
[[0;32m  OK  [0m] Stopped Create Static Device Nodes in /dev.
[[0;32m  OK  [0m] Stopped Monitoring of LVM2 mirrors,...ng dmeventd or progress polling.
[[0;32m  OK  [0m] Started Unattended Upgrades Shutdown.
[[0;32m  OK  [0m] Reached target Shutdown.
[  563.769052] reboot: Power down
